dimension=3
input_points=8
hull_points=8
redundant_points=0
simplices=6
boundary_facets=12
volume=25/3
boundary_measure=25
ell_P=48493/17787 + (-7600/17787)x1 + (0)x2 + (-17750/17787)x3
search_pieces=3
search_parameter_dimension=11
search_population=88
search_generations=80
search_quadrature_samples=20000
search_seed=0
search_threads=1
certify_max_denom=1048576
search_evaluations=7128
sweep_min_M_l=-0.035355420406389726
sweep_min_M_l_normalized=-0.00011865039390618925
witness_L1=-1957/791472 0 0 7/831119
witness_L2=-109346/934383 -620547/630692 23169/201157 1115073/378004
witness_L3=-5/815796 0 0 5/763886
certified=false
certified_M_l=9593218835643923355123933093956150168779760488706949486323127301105146897852359151767618685436784452472361513923436614701458415705794083593284979405874076057585096380923882556927898509/28027850217311642524631053769083528136121427349968509042870329668442574449419927452230093136795455357435521025713209122249125093154864973172363921578624635950479488848043495136422264974821736566575659724416292684478216
relative_K_status=unverified_candidate
