points=711
twice_area=1375
level=5
base_twice_area=55
converged=false
iterations=1000
active_size=433
norm_squared=0.0014065752766136807
gap=2.2333831910595348e-08
l2_error_bound=0.00021134725884475221
exact_certified=false
exact_message=
ell_A(x,y) = 332014189/236665286583 + (-169487/78888428861) x + (-732426/78888428861) y
ell_A_constant=false
ell_A_sigma_comparison=numerical
ell_A_equals_shortest_GKZ=false
relative_Chow_semistable=unverified
ell_A_on_A=(written to results/hexgon1.csv; 711 values)
output=results/hexgon1.csv
plot_surface=results/hexgon1_surface.csv
plot_triangles=results/hexgon1_triangles.csv
plot_subdivision=results/hexgon1_subdivision.csv
plot_ell=results/hexgon1_ell.csv
