points=2557
twice_area=5056
level=8
base_twice_area=79
converged=false
iterations=500
active_size=370
norm_squared=0.00039121823639877364
gap=1.6177103171215635e-06
l2_error_bound=0.0017987275041659665
exact_certified=false
exact_message=
ell_A(x,y) = 19131997530823/49042412129994603 + (-30828319840/49042412129994603) x + (18874416608/49042412129994603) y
ell_A_constant=false
ell_A_sigma_comparison=numerical
ell_A_equals_shortest_GKZ=false
relative_Chow_semistable=unverified
ell_A_on_A=(written to results/hexgon.csv; 2557 values)
output=results/hexgon.csv
plot_surface=results/hexgon_surface.csv
plot_triangles=results/hexgon_triangles.csv
plot_subdivision=results/hexgon_subdivision.csv
plot_ell=results/hexgon_ell.csv
