points=475
twice_area=872
level=2
base_twice_area=218
converged=false
iterations=100
active_size=86
norm_squared=0.0021117238842265997
gap=2.2149079546409777e-05
l2_error_bound=0.0066556862225332974
exact_certified=false
exact_message=
ell_A(x,y) = 12706856258/6703916798451 + (1261989382/20111750395353) x + (110894434/20111750395353) y
ell_A_constant=false
ell_A_sigma_comparison=numerical
ell_A_equals_shortest_GKZ=false
relative_Chow_semistable=unverified
ell_A_on_A=(written to results/Wang_Zhou_a1.csv; 475 values)
output=results/Wang_Zhou_a1.csv
plot_surface=results/Wang_Zhou_a1_surface.csv
plot_triangles=results/Wang_Zhou_a1_triangles.csv
plot_subdivision=results/Wang_Zhou_a1_subdivision.csv
plot_ell=results/Wang_Zhou_a1_ell.csv
