points=28209
twice_area=55808
level=16
base_twice_area=218
converged=false
iterations=100
active_size=100
norm_squared=0.00016073134051335043
gap=0.00013920427906502803
l2_error_bound=0.016685579346551203
exact_certified=false
exact_message=
ell_A(x,y) = 339423529573007/9716017390648545723 + (1447777020740/9716017390648545723) x + (401641642850/29148052171945637169) y
ell_A_constant=false
ell_A_sigma_comparison=numerical
ell_A_equals_shortest_GKZ=false
relative_Chow_semistable=unverified
ell_A_on_A=(written to results/Wang_Zhou_a1.csv; 28209 values)
output=results/Wang_Zhou_a1.csv
plot_surface=results/Wang_Zhou_a1_surface.csv
plot_triangles=results/Wang_Zhou_a1_triangles.csv
plot_subdivision=results/Wang_Zhou_a1_subdivision.csv
plot_ell=results/Wang_Zhou_a1_ell.csv
